INFO: 1 arquivos modificados - commitando...
INFO: 1 capitulos, 0 fontes fichadas
OK: auto-aprimoramento concluido em sáb 27 jun 2026 00:00:02 -03
OK
# Relatorio de Auto-Aprimoramento - 2026-06-27 06:00

## 1.1 Mudancas encontradas: 1 arquivos
 M 60-69_SCRIPTS/log-auto-aprimoramento-20260627.md
Commit auto-save realizado.

## 1.2 Saude
- Capitulos escritos: 1
- Fontes fichadas: 0
- Fichamentos FIRAC: 0

## 1.3 Ultimo Gate 2.5
Script: 60-69_SCRIPTS/63.00-gate-25.sh

## 1.4 Capitulo 1
- Linhas: 321
- Palavras: 5258
- OK: Seção Teórica presente
- OK: Seção de Jurisprudência presente
- OK: Seção Prática presente
- OK: Seção de Atualização presente

## 2.1 Remote configurado: origin	git@github.com:peixoto-ops/tratado-tgd.git (fetch)

## 2.2 CERYX: acessivel

## 2.3 Aspire (HERMES): acessivel

## 3. Recomendacoes

- [REC] Fontes fichadas (0) menor que capitulos (1) — pesquisar mais

---
Resumo: 1 capitulos, 0 fontes, 1 recomendacoes.
Auto-aprimoramento concluido em sáb 27 jun 2026 06:00:05 -03.
